🚀 Running example: h3o_crates_io
Welcome to vast.ai. If authentication fails, try again after a few seconds, and double check your ssh key.
Have fun!
bash: warning: setlocale: LC_ALL: cannot change locale (en_US.UTF-8)
Transfer starting: 699 files
./
h3o_disasm.log

sent 42101 bytes  received 48 bytes  90623 bytes/sec
total size is 7701415  speedup is 182.72
Pseudo-terminal will not be allocated because stdin is not a terminal.
Welcome to vast.ai. If authentication fails, try again after a few seconds, and double check your ssh key.
Have fun!
Welcome to Ubuntu 24.04.2 LTS (GNU/Linux 5.15.0-143-generic x86_64)

 * Documentation:  https://help.ubuntu.com
 * Management:     https://landscape.canonical.com
 * Support:        https://ubuntu.com/pro

-bash: warning: setlocale: LC_ALL: cannot change locale (en_US.UTF-8)
Building example h3o_crates_io (RELEASE mode to avoid overflow checks)...
   Compiling h3o_crates_io v0.1.0 (/root/rust-cuda/examples/cuda/h3o_crates_io)
error: failed to run custom build command for `h3o_crates_io v0.1.0 (/root/rust-cuda/examples/cuda/h3o_crates_io)`
note: To improve backtraces for build dependencies, set the CARGO_PROFILE_RELEASE_BUILD_OVERRIDE_DEBUG=true environment variable to enable debug information generation.

Caused by:
  process didn't exit successfully: `/root/rust-cuda/target/release/build/h3o_crates_io-efc588501ba79f1d/build-script-build` (exit status: 101)
  --- stdout
  cargo::rerun-if-changed=build.rs
  cargo::rerun-if-changed=kernels
  cargo:rerun-if-changed=/root/rust-cuda/examples/cuda/h3o_crates_io/kernels

  --- stderr
     Compiling h3o v0.8.0
  error: failed to parse bitcode for LTO module: Explicit gep type does not match pointee type of pointer operand (Producer: 'LLVM7.1.0' Reader: 'LLVM 7.1.0')


  thread 'coordinator' panicked at /root/.rustup/toolchains/nightly-2025-06-23-x86_64-unknown-linux-gnu/lib/rustlib/rustc-src/rust/compiler/rustc_codegen_ssa/src/back/write.rs:1678:29:
  /root/.rustup/toolchains/nightly-2025-06-23-x86_64-unknown-linux-gnu/lib/rustlib/rustc-src/rust/compiler/rustc_codegen_ssa/src/back/write.rs:1678:29: worker thread panicked
  stack backtrace:
     0: std::panicking::begin_panic::<alloc::string::String>
     1: rustc_middle::util::bug::opt_span_bug_fmt::<rustc_span::span_encoding::Span>::{closure#0}
     2: rustc_middle::ty::context::tls::with_opt::<rustc_middle::util::bug::opt_span_bug_fmt<rustc_span::span_encoding::Span>::{closure#0}, !>::{closure#0}
     3: rustc_middle::ty::context::tls::with_context_opt::<rustc_middle::ty::context::tls::with_opt<rustc_middle::util::bug::opt_span_bug_fmt<rustc_span::span_encoding::Span>::{closure#0}, !>::{closure#0}, !>
     4: rustc_middle::util::bug::bug_fmt
     5: rustc_codegen_ssa::back::write::start_executing_work::{{closure}}
  note: Some details are omitted, run with `RUST_BACKTRACE=full` for a verbose backtrace.

  error: the compiler unexpectedly panicked. this is a bug.

  note: we would appreciate a bug report: https://github.com/rust-lang/rust/issues/new?labels=C-bug%2C+I-ICE%2C+T-compiler&template=ice.md

  note: please make sure that you have updated to the latest nightly

  note: please attach the file at `/root/.cargo/registry/src/index.crates.io-1949cf8c6b5b557f/h3o-0.8.0/rustc-ice-2025-08-10T04_55_44-323313.txt` to your bug report

  note: compiler flags: --crate-type lib -C opt-level=3 -C embed-bitcode=no -C strip=debuginfo -Z unstable-options -Z codegen-backend=/root/rust-cuda/target/release/deps/librustc_codegen_nvvm.so -Z crate-attr=feature(register_tool) -Z crate-attr=register_tool(nvvm_internal) -Z crate-attr=no_std -Z saturating_float_casts=false -C llvm-args=-arch=compute_61 --override-libm

  note: some of the compiler flags provided by cargo are hidden

  query stack during panic:
  end of query stack

  error: the compiler unexpectedly panicked. this is a bug.

  note: we would appreciate a bug report: https://github.com/Rust-GPU/Rust-CUDA/issues/new

  note: please make sure that you have updated to the latest nightly

  note: please attach the file at `/root/.cargo/registry/src/index.crates.io-1949cf8c6b5b557f/h3o-0.8.0/rustc-ice-2025-08-10T04_55_44-323313.txt` to your bug report

  note: compiler flags: --crate-type lib -C opt-level=3 -C embed-bitcode=no -C strip=debuginfo -Z unstable-options -Z codegen-backend=/root/rust-cuda/target/release/deps/librustc_codegen_nvvm.so -Z crate-attr=feature(register_tool) -Z crate-attr=register_tool(nvvm_internal) -Z crate-attr=no_std -Z saturating_float_casts=false -C llvm-args=-arch=compute_61 --override-libm

  note: some of the compiler flags provided by cargo are hidden

  query stack during panic:
  end of query stack
  note: `rust-cuda` version `0.3.0`

  error: could not compile `h3o` (lib) due to 1 previous error

  thread 'main' panicked at examples/cuda/h3o_crates_io/build.rs:16:10:
  called `Result::unwrap()` on an `Err` value: BuildFailed
  stack backtrace:
     0: __rustc::rust_begin_unwind
     1: core::panicking::panic_fmt
     2: core::result::unwrap_failed
     3: build_script_build::main
     4: core::ops::function::FnOnce::call_once
  note: Some details are omitted, run with `RUST_BACKTRACE=full` for a verbose backtrace.

===========================
Running example h3o_crates_io...
===========================
   Compiling h3o_crates_io v0.1.0 (/root/rust-cuda/examples/cuda/h3o_crates_io)
error: failed to run custom build command for `h3o_crates_io v0.1.0 (/root/rust-cuda/examples/cuda/h3o_crates_io)`
note: To improve backtraces for build dependencies, set the CARGO_PROFILE_RELEASE_BUILD_OVERRIDE_DEBUG=true environment variable to enable debug information generation.

Caused by:
  process didn't exit successfully: `/root/rust-cuda/target/release/build/h3o_crates_io-efc588501ba79f1d/build-script-build` (exit status: 101)
  --- stdout
  cargo::rerun-if-changed=build.rs
  cargo::rerun-if-changed=kernels
  cargo:rerun-if-changed=/root/rust-cuda/examples/cuda/h3o_crates_io/kernels

  --- stderr
     Compiling h3o v0.8.0
  error: failed to parse bitcode for LTO module: Explicit gep type does not match pointee type of pointer operand (Producer: 'LLVM7.1.0' Reader: 'LLVM 7.1.0')


  thread 'coordinator' panicked at /root/.rustup/toolchains/nightly-2025-06-23-x86_64-unknown-linux-gnu/lib/rustlib/rustc-src/rust/compiler/rustc_codegen_ssa/src/back/write.rs:1678:29:
  /root/.rustup/toolchains/nightly-2025-06-23-x86_64-unknown-linux-gnu/lib/rustlib/rustc-src/rust/compiler/rustc_codegen_ssa/src/back/write.rs:1678:29: worker thread panicked
  stack backtrace:
     0: std::panicking::begin_panic::<alloc::string::String>
     1: rustc_middle::util::bug::opt_span_bug_fmt::<rustc_span::span_encoding::Span>::{closure#0}
     2: rustc_middle::ty::context::tls::with_opt::<rustc_middle::util::bug::opt_span_bug_fmt<rustc_span::span_encoding::Span>::{closure#0}, !>::{closure#0}
     3: rustc_middle::ty::context::tls::with_context_opt::<rustc_middle::ty::context::tls::with_opt<rustc_middle::util::bug::opt_span_bug_fmt<rustc_span::span_encoding::Span>::{closure#0}, !>::{closure#0}, !>
     4: rustc_middle::util::bug::bug_fmt
     5: rustc_codegen_ssa::back::write::start_executing_work::{{closure}}
  note: Some details are omitted, run with `RUST_BACKTRACE=full` for a verbose backtrace.

  error: the compiler unexpectedly panicked. this is a bug.

  note: we would appreciate a bug report: https://github.com/rust-lang/rust/issues/new?labels=C-bug%2C+I-ICE%2C+T-compiler&template=ice.md

  note: please make sure that you have updated to the latest nightly

  note: please attach the file at `/root/.cargo/registry/src/index.crates.io-1949cf8c6b5b557f/h3o-0.8.0/rustc-ice-2025-08-10T04_55_45-323364.txt` to your bug report

  note: compiler flags: --crate-type lib -C opt-level=3 -C embed-bitcode=no -C strip=debuginfo -Z unstable-options -Z codegen-backend=/root/rust-cuda/target/release/deps/librustc_codegen_nvvm.so -Z crate-attr=feature(register_tool) -Z crate-attr=register_tool(nvvm_internal) -Z crate-attr=no_std -Z saturating_float_casts=false -C llvm-args=-arch=compute_61 --override-libm

  note: some of the compiler flags provided by cargo are hidden

  query stack during panic:
  end of query stack

  error: the compiler unexpectedly panicked. this is a bug.

  note: we would appreciate a bug report: https://github.com/Rust-GPU/Rust-CUDA/issues/new

  note: please make sure that you have updated to the latest nightly

  note: please attach the file at `/root/.cargo/registry/src/index.crates.io-1949cf8c6b5b557f/h3o-0.8.0/rustc-ice-2025-08-10T04_55_45-323364.txt` to your bug report

  note: compiler flags: --crate-type lib -C opt-level=3 -C embed-bitcode=no -C strip=debuginfo -Z unstable-options -Z codegen-backend=/root/rust-cuda/target/release/deps/librustc_codegen_nvvm.so -Z crate-attr=feature(register_tool) -Z crate-attr=register_tool(nvvm_internal) -Z crate-attr=no_std -Z saturating_float_casts=false -C llvm-args=-arch=compute_61 --override-libm

  note: some of the compiler flags provided by cargo are hidden

  query stack during panic:
  end of query stack
  note: `rust-cuda` version `0.3.0`

  error: could not compile `h3o` (lib) due to 1 previous error

  thread 'main' panicked at examples/cuda/h3o_crates_io/build.rs:16:10:
  called `Result::unwrap()` on an `Err` value: BuildFailed
  stack backtrace:
     0: __rustc::rust_begin_unwind
     1: core::panicking::panic_fmt
     2: core::result::unwrap_failed
     3: build_script_build::main
     4: core::ops::function::FnOnce::call_once
  note: Some details are omitted, run with `RUST_BACKTRACE=full` for a verbose backtrace.
